AVG command line Anti-Virus scanner
Copyright (c) 2013 AVG Technologies CZ

Virus database version: 4767/14953
Virus database release date: Sun, 10 Sep 2017 14:05:00 +0000

[2K[2K/malware/EICAR  Virus identified EICAR_Test
[2K[2K[~100.0%] [2K
Files scanned     :  1(1)
Infections found  :  1(1)
PUPs found        :  0
Files healed      :  0
Warnings reported :  0
Errors reported   :  0

